Launching lib\main.dart on 2304FPN6DC in debug mode...
Running Gradle task 'assembleDebug'...                          
flutter : 
At line:1 char:1
+ flutter run 2>&1 
| Out-File 
-FilePath c:\Users\
Andrei\Downloads\lo
gin ...
+ ~~~~~~~~~~~~~~~~
    + CategoryInfo 
             : No  
  tSpecified: (:   
 String) [], Re    
moteException
    + FullyQualifi 
   edErrorId : Na  
  tiveCommandErr   
 or
 
FAILURE: Build 
failed with an 
exception.

* Where:
Build file 'C:\User
s\Andrei\Downloads\
loginapp\loginapp\a
ndroid\app\build.gr
adle.kts' line: 1

* What went wrong:
An exception 
occurred applying 
plugin request 
[id: 'com.android.a
pplication']
> Failed to apply 
plugin 'com.android
.internal.version-c
heck'.
   > Minimum 
supported Gradle 
version is 8.11.1. 
Current version is 
8.10.2. If using 
the gradle 
wrapper, try 
editing the 
distributionUrl in 
C:\Users\Andrei\Dow
nloads\loginapp\log
inapp\android\gradl
e\wrapper\gradle-wr
apper.properties 
to gradle-8.11.1-al
l.zip

* Try:
> Run with 
--stacktrace 
option to get the 
stack trace.
> Run with --info 
or --debug option 
to get more log 
output.
> Run with --scan 
to get full 
insights.
> Get more help at 
https://help.gradle
.org.

BUILD FAILED in 1s
Running Gradle task 'assembleDebug'...                           2,276ms
Error: Gradle task 
assembleDebug 
failed with exit 
code 1
